{"event":"sector_kernel_shard_validation","unix_milliseconds":1787619496424,"elapsed_seconds":1.398,"sector":11,"validated":32,"total":321}
{"event":"sector_kernel_shard_validation","unix_milliseconds":1787619498109,"elapsed_seconds":3.083,"sector":11,"validated":64,"total":321}
{"event":"sector_kernel_shard_validation","unix_milliseconds":1787619499794,"elapsed_seconds":4.767,"sector":11,"validated":96,"total":321}
{"event":"sector_kernel_shard_validation","unix_milliseconds":1787619501482,"elapsed_seconds":6.456,"sector":11,"validated":128,"total":321}
{"event":"sector_kernel_shard_validation","unix_milliseconds":1787619503172,"elapsed_seconds":8.145,"sector":11,"validated":160,"total":321}
{"event":"sector_kernel_shard_validation","unix_milliseconds":1787619504864,"elapsed_seconds":9.837,"sector":11,"validated":192,"total":321}
{"event":"sector_kernel_shard_validation","unix_milliseconds":1787619506555,"elapsed_seconds":11.528,"sector":11,"validated":224,"total":321}
{"event":"sector_kernel_shard_validation","unix_milliseconds":1787619508246,"elapsed_seconds":13.219,"sector":11,"validated":256,"total":321}
{"event":"sector_kernel_shard_validation","unix_milliseconds":1787619509930,"elapsed_seconds":14.903,"sector":11,"validated":288,"total":321}
{"event":"sector_kernel_shard_validation","unix_milliseconds":1787619511535,"elapsed_seconds":16.509,"sector":11,"validated":320,"total":321}
{"event":"sector_kernel_shard_validation","unix_milliseconds":1787619511540,"elapsed_seconds":16.514,"sector":11,"validated":321,"total":321}
real 18.18
user 17.57
sys 0.59
           480165888  maximum resident set size
                   0  average shared memory size
                   0  average unshared data size
                   0  average unshared stack size
               29550  page reclaims
                   0  page faults
                   0  swaps
                   0  block input operations
                   0  block output operations
                   0  messages sent
                   0  messages received
                   0  signals received
                   4  voluntary context switches
                 603  involuntary context switches
        298375368447  instructions retired
         68244329690  cycles elapsed
           310149888  peak memory footprint
