{"event":"sector_kernel_shard_validation","unix_milliseconds":1787604783281,"elapsed_seconds":0.806,"sector":9,"validated":32,"total":321}
{"event":"sector_kernel_shard_validation","unix_milliseconds":1787604784186,"elapsed_seconds":1.710,"sector":9,"validated":64,"total":321}
{"event":"sector_kernel_shard_validation","unix_milliseconds":1787604785086,"elapsed_seconds":2.611,"sector":9,"validated":96,"total":321}
{"event":"sector_kernel_shard_validation","unix_milliseconds":1787604785984,"elapsed_seconds":3.509,"sector":9,"validated":128,"total":321}
{"event":"sector_kernel_shard_validation","unix_milliseconds":1787604786890,"elapsed_seconds":4.414,"sector":9,"validated":160,"total":321}
{"event":"sector_kernel_shard_validation","unix_milliseconds":1787604787791,"elapsed_seconds":5.316,"sector":9,"validated":192,"total":321}
{"event":"sector_kernel_shard_validation","unix_milliseconds":1787604788699,"elapsed_seconds":6.224,"sector":9,"validated":224,"total":321}
{"event":"sector_kernel_shard_validation","unix_milliseconds":1787604789602,"elapsed_seconds":7.126,"sector":9,"validated":256,"total":321}
{"event":"sector_kernel_shard_validation","unix_milliseconds":1787604790510,"elapsed_seconds":8.035,"sector":9,"validated":288,"total":321}
{"event":"sector_kernel_shard_validation","unix_milliseconds":1787604791341,"elapsed_seconds":8.866,"sector":9,"validated":320,"total":321}
{"event":"sector_kernel_shard_validation","unix_milliseconds":1787604791344,"elapsed_seconds":8.868,"sector":9,"validated":321,"total":321}
{"event":"sector_kernel_progress","unix_milliseconds":1787604792038,"elapsed_seconds":9.563,"sector":9,"rows_examined":181895,"entries_examined":568907,"total_entries":1211340,"rank":321,"columns":321,"entries_per_second":59492.8}
real 9.59
user 9.29
sys 0.28
           417546240  maximum resident set size
                   0  average shared memory size
                   0  average unshared data size
                   0  average unshared stack size
               25697  page reclaims
                   0  page faults
                   0  swaps
                   0  block input operations
                   0  block output operations
                   0  messages sent
                   0  messages received
                   0  signals received
                   4  voluntary context switches
                1186  involuntary context switches
        159337099326  instructions retired
         36250782888  cycles elapsed
           305742592  peak memory footprint
